// Jest Snapshot v1, https://goo.gl/fbAQLP

exports[`Home Page Snapshot builds home page correctly with search and meallist 1`] = `
<header
  className="navbar"
>
  <nav
    className="nav-center"
  >
    <a
      href="/"
      onClick={[Function]}
    >
      <img
        alt="Meology logo"
        className="logo"
        src="logo.png"
      />
    </a>
    <ul
      className="nav-links"
    >
      <li>
        <a
          href="/"
          onClick={[Function]}
        >
          home
        </a>
      </li>
      <li>
        <a
          href="/about"
          onClick={[Function]}
        >
          about
        </a>
      </li>
    </ul>
  </nav>
</header>
`;
